I'm sorry, but errors were detected in your script. Please correct the
errors listed below, and try again.


File "game/screens.rpy", line 1447: u'at' is not a keyword argument or valid child for the screen statement.
    at transform:
      ^

Ren'Py Version: Ren'Py 7.3.5.606
Sun Feb  9 01:46:50 2020
